{
  "expectedHist": {
    "1": 0.375,
    "2": 0.375,
    "0": 0.125,
    "3": 0.125
  },
  "tolerance": 0.1
}
