{
  "expectedHist": {
    "true,false,false,false": 0.829691855063487,
    "true,true,false,false": 0.09218798389594304,
    "true,false,false,true": 0.039509135955404125,
    "true,false,true,false": 0.016932486838030347,
    "true,true,true,false": 0.010243109321771443,
    "true,false,true,true": 0.004389903995044901,
    "true,true,false,true": 0.004389903995044901,
    "true,true,true,true": 0.0026556209352740757
  },
  "tolerance": 0.01
}
