{
  "expectedHist": {
    "runs": 0.4,
    "loves": 0.3,
    "hates": 0.3

  },
  "tolerance": 0.01
}
