{
  "expectedHist": {
    "0": 0.4155844155844156,    
    "1": 0.5844155844155844
  },
  "tolerance": 0.01
}
