{
  "expectedHist": {
    "1": 0.444444444444444,
    "2": 0.444444444444444,
    "3": 0.111111111111111

  },
  "tolerance": 0.01
}
