{
  "expectedHist": {
    "2": 0.4444444444444444,
    "3": 0.2962962962962963,
    "1": 0.22222222222222218,
    "0": 0.037037037037037035
  },
  "tolerance": 0.01
}
